
> sem-student-event-manager@1.0.0 build
> vite build

[36mvite v5.4.21 [32mbuilding for production...[36m[39m
transforming...
[32mΓ£ô[39m 18 modules transformed.

PWA v0.17.5
mode      generateSW
precache  1 entries (0.00 KiB)
files generated
  dist\sw.js
  dist\workbox-1d305bb8.js
node.exe : warnings
At line:1 char:1
+ & "C:\Program 
Files\nodejs/node.exe" 
"C:\Program 
Files\nodejs/node_mo 
...
+ ~~~~~~~~~~~~~~~~~~~~~
~~~~~~~~~~~~~~~~~~~~~~~
~~~~~~~~~~~~~~~~~~~~~~~
~~
    + CategoryInfo     
         : 
NotSpecified: (war    
nings:String) [], Remo 
   teException
    + 
FullyQualifiedErrorI   
 d : NativeCommandError
 
  One of the glob 
patterns doesn't match 
any files. Please 
remove or fix the 
following: {
  "globDirectory": "D:\
\sem\\COLLEGE-_EVENT_MA
NAGER\\dist",
  "globPattern": "**/*.
{js,css,html,ico,png,sv
g,jpg,jpeg,webp}",
  "globIgnores": [
    
"**/node_modules/**/*",
    "sw.js",
    "workbox-*.js"
  ]
}

[31mx[39m Build 
failed in 12.75s
[31merror during 
build:
[31m[vite-plugin-pwa:b
uild] [plugin 
vite-plugin-pwa:build] 
src/components/EventLis
t.jsx (439:0): There 
was an error during 
the build:
  Transform failed 
with 1 error:
D:/sem/COLLEGE-_EVENT_M
ANAGER/src/components/E
ventList.jsx:439:0: 
ERROR: Unexpected end 
of file before a 
closing "div" tag
Additionally, handling 
the error in the 
'buildEnd' hook caused 
the following error:
  Transform failed 
with 1 error:
D:/sem/COLLEGE-_EVENT_M
ANAGER/src/components/E
ventList.jsx:439:0: 
ERROR: Unexpected end 
of file before a 
closing "div" tag[31m
file: [36mD:/sem/COLLE
GE-_EVENT_MANAGER/src/c
omponents/EventList.jsx
:439:0[31m
[33m
[33mUnexpected end of 
file before a closing 
"div" tag[33m
437|  
438|              
export default 
EventList;
439|  
   |  ^
[31m
    at getRollupError (
file:///D:/sem/COLLEGE-
_EVENT_MANAGER/node_mod
ules/rollup/dist/es/sha
red/parseAst.js:402:41)
    at file:///D:/sem/C
OLLEGE-_EVENT_MANAGER/n
ode_modules/rollup/dist
/es/shared/node-entry.j
s:23444:39
    at process.processT
icksAndRejections (node
:internal/process/task_
queues:103:5)
    at async catchUnfin
ishedHookActions (file:
///D:/sem/COLLEGE-_EVEN
T_MANAGER/node_modules/
rollup/dist/es/shared/n
ode-entry.js:22902:16)
    at async 
rollupInternal (file://
/D:/sem/COLLEGE-_EVENT_
MANAGER/node_modules/ro
llup/dist/es/shared/nod
e-entry.js:23427:5)
    at async build (fil
e:///D:/sem/COLLEGE-_EV
ENT_MANAGER/node_module
s/vite/dist/node/chunks
/dep-BK3b2jBa.js:65709:
14)
    at async 
CAC.<anonymous> (file:/
//D:/sem/COLLEGE-_EVENT
_MANAGER/node_modules/v
ite/dist/node/cli.js:82
9:5)[39m
